
> @figma/my-make-file@0.0.1 build /home/flamendrin/workspace/SPL_SICAV_TMP
> vite build

vite v6.3.5 building for production...
transforming...
✓ 29 modules transformed.
rendering chunks...
computing gzip size...
dist/index.html                   0.40 kB │ gzip:  0.28 kB
dist/assets/index-BMu7C-2R.css   86.08 kB │ gzip: 13.72 kB
dist/assets/index-9xM1Jbcr.js   211.89 kB │ gzip: 65.55 kB
✓ built in 373ms
